/*
 * SPDX-FileCopyrightText: Copyright (c) 2022 NVIDIA CORPORATION & AFFILIATES. All rights reserved.
 * SPDX-License-Identifier: Apache-2.0
 *
 * Licensed under the Apache License, Version 2.0 (the "License");
 * you may not use this file except in compliance with the License.
 * You may obtain a copy of the License at
 *
 * http://www.apache.org/licenses/LICENSE-2.0
 *
 * Unless required by applicable law or agreed to in writing, software
 * distributed under the License is distributed on an "AS IS" BASIS,
 * WITHOUT WARRANTIES OR CONDITIONS OF ANY KIND, either express or implied.
 * See the License for the specific language governing permissions and
 * limitations under the License.
 */
{
    global:
        extern "C++" {
            "clara::holoviz::Init(GLFWwindow *)";
            "clara::holoviz::Init(unsigned int, unsigned int, char const*, clara::holoviz::InitFlags)";
            "clara::holoviz::Init(char const*, unsigned int, unsigned int, unsigned int, clara::holoviz::InitFlags)";

            "clara::holoviz::ImGuiSetCurrentContext(ImGuiContext*)";

            "clara::holoviz::WindowShouldClose()";
            "clara::holoviz::WindowIsMinimized()";

            "clara::holoviz::Shutdown()";

            "clara::holoviz::Begin()";
            "clara::holoviz::End()";

            "clara::holoviz::BeginImageLayer()";
            "clara::holoviz::ImageCudaDevice(unsigned int, unsigned int, clara::holoviz::ImageFormat, unsigned long long)";
            "clara::holoviz::ImageCudaArray(ImageFormat, CUarray)";
            "clara::holoviz::ImageHost(unsigned int, unsigned int, clara::holoviz::ImageFormat, void const*)";
            "clara::holoviz::LUT(unsigned int, clara::holoviz::ImageFormat, unsigned long, void const*)";

            "clara::holoviz::BeginImGuiLayer()";

            "clara::holoviz::BeginGeometryLayer()";
            "clara::holoviz::Color(float, float, float, float)";
            "clara::holoviz::LineWidth(float)";
            "clara::holoviz::PointSize(float)";
            "clara::holoviz::Primitive(clara::holoviz::PrimitiveTopology, unsigned int, unsigned long, float const*)";
            "clara::holoviz::Text(float, float, float, char const*)";

            "clara::holoviz::LayerOpacity(float)";
            "clara::holoviz::LayerPriority(int)";

            "clara::holoviz::EndLayer()";
        };
    local:
        *;
};